C:\Python314\Lib\site-packages\langchain_core\_api\deprecation.py:26: UserWarning: Core Pydantic V1 functionality isn't compatible with Python 3.14 or greater.
  from pydantic.v1.fields import FieldInfo as FieldInfoV1
2026-03-23 02:15:33,221 - advisor_agent - INFO - [Tool] RAG Vector Search → 'sinh viên có được phép học vượt không?...'
2026-03-23 02:15:33,221 - advisor_agent - INFO - Initializing FAISS VectorStore for Retrieval-Augmented Knowledge Fusion...
2026-03-23 02:15:34,042 - httpx - INFO - HTTP Request: POST https://generativelanguage.googleapis.com/v1beta/models/embedding-001:batchEmbedContents "HTTP/1.1 404 Not Found"
2026-03-23 02:15:34,045 - advisor_agent - ERROR - RAG LLM error: Error embedding content (NOT_FOUND): 404 NOT_FOUND. {'error': {'code': 404, 'message': 'models/embedding-001 is not found for API version v1beta, or is not supported for embedContent. Call ListModels to see the list of available models and their supported methods.', 'status': 'NOT_FOUND'}}
Traceback (most recent call last):
  File "C:\Python314\Lib\site-packages\langchain_google_genai\embeddings.py", line 432, in embed_documents
    result = self.client.models.embed_content(
        model=self.model,
        contents=batch,
        config=config,
    )
  File "C:\Python314\Lib\site-packages\google\genai\models.py", line 5570, in embed_content
    return self._embed_content(model=model, contents=contents, config=config)
           ~~~~~~~~~~~~~~~~~~~^^^^^^^^^^^^^^^^^^^^^^^^^^^^^^^^^^^^^^^^^^^^^^^
  File "C:\Python314\Lib\site-packages\google\genai\models.py", line 4570, in _embed_content
    response = self._api_client.request(
        'post', path, request_dict, http_options
    )
  File "C:\Python314\Lib\site-packages\google\genai\_api_client.py", line 1401, in request
    response = self._request(http_request, http_options, stream=False)
  File "C:\Python314\Lib\site-packages\google\genai\_api_client.py", line 1237, in _request
    return self._retry(self._request_once, http_request, stream)  # type: ignore[no-any-return]
           ~~~~~~~~~~~^^^^^^^^^^^^^^^^^^^^^^^^^^^^^^^^^^^^^^^^^^
  File "C:\Python314\Lib\site-packages\tenacity\__init__.py", line 477, in __call__
    do = self.iter(retry_state=retry_state)
  File "C:\Python314\Lib\site-packages\tenacity\__init__.py", line 378, in iter
    result = action(retry_state)
  File "C:\Python314\Lib\site-packages\tenacity\__init__.py", line 420, in exc_check
    raise retry_exc.reraise()
          ~~~~~~~~~~~~~~~~~^^
  File "C:\Python314\Lib\site-packages\tenacity\__init__.py", line 187, in reraise
    raise self.last_attempt.result()
          ~~~~~~~~~~~~~~~~~~~~~~~~^^
  File "C:\Python314\Lib\concurrent\futures\_base.py", line 443, in result
    return self.__get_result()
           ~~~~~~~~~~~~~~~~~^^
  File "C:\Python314\Lib\concurrent\futures\_base.py", line 395, in __get_result
    raise self._exception
  File "C:\Python314\Lib\site-packages\tenacity\__init__.py", line 480, in __call__
    result = fn(*args, **kwargs)
  File "C:\Python314\Lib\site-packages\google\genai\_api_client.py", line 1214, in _request_once
    errors.APIError.raise_for_response(response)
    ~~~~~~~~~~~~~~~~~~~~~~~~~~~~~~~~~~^^^^^^^^^^
  File "C:\Python314\Lib\site-packages\google\genai\errors.py", line 134, in raise_for_response
    cls.raise_error(response.status_code, response_json, response)
    ~~~~~~~~~~~~~~~^^^^^^^^^^^^^^^^^^^^^^^^^^^^^^^^^^^^^^^^^^^^^^^
  File "C:\Python314\Lib\site-packages\google\genai\errors.py", line 159, in raise_error
    raise ClientError(status_code, response_json, response)
google.genai.errors.ClientError: 404 NOT_FOUND. {'error': {'code': 404, 'message': 'models/embedding-001 is not found for API version v1beta, or is not supported for embedContent. Call ListModels to see the list of available models and their supported methods.', 'status': 'NOT_FOUND'}}

The above exception was the direct cause of the following exception:

Traceback (most recent call last):
  File "C:\Users\Nguyen Kim Hien\PycharmProjects\Beograd\advisor_agent.py", line 455, in hoi_tai_lieu_chuong_trinh
    vs = _get_or_create_vectorstore()
  File "C:\Users\Nguyen Kim Hien\PycharmProjects\Beograd\advisor_agent.py", line 439, in _get_or_create_vectorstore
    _VECTOR_STORE = FAISS.from_documents(docs, embeddings)
  File "C:\Python314\Lib\site-packages\langchain_core\vectorstores\base.py", line 813, in from_documents
    return cls.from_texts(texts, embedding, metadatas=metadatas, **kwargs)
           ~~~~~~~~~~~~~~^^^^^^^^^^^^^^^^^^^^^^^^^^^^^^^^^^^^^^^^^^^^^^^^^
  File "C:\Python314\Lib\site-packages\langchain_community\vectorstores\faiss.py", line 1043, in from_texts
    embeddings = embedding.embed_documents(texts)
  File "C:\Python314\Lib\site-packages\langchain_google_genai\embeddings.py", line 439, in embed_documents
    raise GoogleGenerativeAIError(msg) from e
langchain_google_genai._common.GoogleGenerativeAIError: Error embedding content (NOT_FOUND): 404 NOT_FOUND. {'error': {'code': 404, 'message': 'models/embedding-001 is not found for API version v1beta, or is not supported for embedContent. Call ListModels to see the list of available models and their supported methods.', 'status': 'NOT_FOUND'}}
2026-03-23 02:15:34,051 - advisor_agent - INFO - [Tool] tim_lo_trinh_den_mon → 'COMP1401'
2026-03-23 02:15:34,298 - graph_builder - INFO - Kết nối Neo4j thành công: neo4j+ssc://349190b5.databases.neo4j.io
2026-03-23 02:15:34,326 - neo4j.notifications - WARNING - Received notification from DBMS server: <GqlStatusObject gql_status='01N51', status_description='warn: relationship type does not exist. The relationship type `TIEN_QUYET` does not exist in database `349190b5`. Verify that the spelling is correct.', position=<SummaryInputPosition line=2, column=45, offset=45>, raw_classification='UNRECOGNIZED', classification=<NotificationClassification.UNRECOGNIZED: 'UNRECOGNIZED'>, raw_severity='WARNING', severity=<NotificationSeverity.WARNING: 'WARNING'>, diagnostic_record={'_classification': 'UNRECOGNIZED', '_severity': 'WARNING', '_position': {'offset': 45, 'line': 2, 'column': 45}, 'OPERATION': '', 'OPERATION_CODE': '0', 'CURRENT_SCHEMA': '/'}> for query: '\n                MATCH path = (pre:Course)-[:TIEN_QUYET|HOC_TRUOC*1..6]->(target:Course {ma_mon: $m})\n                UNWIND relationships(path) AS rel\n                WITH startNode(rel) AS src, rel, endNode(rel) AS tgt\n                RETURN DISTINCT src.ma_mon AS src_ma, src.ten_mon AS src_ten, \n                                type(rel) AS rel_type, \n                                tgt.ma_mon AS tgt_ma, tgt.ten_mon AS tgt_ten\n                '
=== Test RAG ===
Lỗi khi truy vấn LLM/VectorStore: Error embedding content (NOT_FOUND): 404 NOT_FOUND. {'error': {'code': 404, 'message': 'models/embedding-001 is not found for API version v1beta, or is not supported for embedContent. Call ListModels to see the list of available models and their supported methods.', 'status': 'NOT_FOUND'}}

=== Test KG Prompting ===
Knowledge Graph Paths leading to (COMP1401 : Phân tích và thiết kế giải thuật):
(COMP1010 : Lập trình cơ bản) -[HOC_TRUOC]-> (COMP1401 : Phân tích và thiết kế giải thuật)
